<?xml version="1.0" encoding="UTF-8"?>
<TestRun id="7b11efd6-7835-484e-a75b-d06162494701" name="Clover@CLOVER-PC 2011-11-20 14:26:50" runUser="Clover-PC\Clover" xmlns="http://microsoft.com/schemas/VisualStudio/TeamTest/2010">
  <TestSettings name="Local" id="b480194b-a83b-4e5c-a01a-db1c7cd62fbd">
    <Description>
    These are default test settings for a local test run.
  </Description>
    <Deployment enabled="false" runDeploymentRoot="Clover_CLOVER-PC 2011-11-20 14_26_50">
      <DeploymentItem filename="D:\My Document\MyServer\Clover.Proxy\Source\Clover.Proxy\bin\Debug\Clover.Proxy.dll" />
    </Deployment>
    <Execution>
      <TestTypeSpecific />
      <AgentRule name="Execution Agents">
      </AgentRule>
    </Execution>
  </TestSettings>
  <Times creation="2011-11-20T14:26:50.1550060+08:00" queuing="2011-11-20T14:26:51.4150078+08:00" start="2011-11-20T14:26:51.6150081+08:00" finish="2011-11-20T14:27:07.4980467+08:00" />
  <ResultSummary outcome="Error">
    <Counters total="10" executed="1" error="0" failed="0" timeout="0" aborted="1" inconclusive="0" passedButRunAborted="0" notRunnable="0" notExecuted="9" disconnected="0" warning="0" passed="0" completed="0" inProgress="0" pending="0" />
    <RunInfos>
      <RunInfo computerName="CLOVER-PC" outcome="Error" timestamp="2011-11-20T14:27:07.4880461+08:00">
        <Text>Test host process exited unexpectedly.</Text>
      </RunInfo>
    </RunInfos>
  </ResultSummary>
  <TestDefinitions>
    <UnitTest name="ProxyConfigurationConstructorTest" storage="d:\my document\myserver\clover.proxy\source\unittest\bin\debug\unittest.dll" id="83d649db-ed95-5954-0492-bbf210cd03c4">
      <Execution id="34029ca2-96ab-4df9-8615-84682a55ab25" />
      <TestMethod codeBase="D:/My Document/MyServer/Clover.Proxy/Source/UnitTest/bin/Debug/UnitTest.DLL" adapterTypeName="Microsoft.VisualStudio.TestTools.TestTypes.Unit.UnitTestAdapter, Microsoft.VisualStudio.QualityTools.Tips.UnitTest.Adapter, Version=10.0.0.0, Culture=neutral, PublicKeyToken=b03f5f7f11d50a3a" className="UnitTest.ProxyConfigurationTest, UnitTest, Version=1.0.0.0, Culture=neutral, PublicKeyToken=null" name="ProxyConfigurationConstructorTest" />
    </UnitTest>
    <UnitTest name="DllCachedPathTest" storage="d:\my document\myserver\clover.proxy\source\unittest\bin\debug\unittest.dll" id="a6da51ad-35b3-d732-37db-4e2282a29bc7">
      <Execution id="6cbab15b-8be2-469e-8325-228701f96897" />
      <TestMethod codeBase="D:/My Document/MyServer/Clover.Proxy/Source/UnitTest/bin/Debug/UnitTest.DLL" adapterTypeName="Microsoft.VisualStudio.TestTools.TestTypes.Unit.UnitTestAdapter, Microsoft.VisualStudio.QualityTools.Tips.UnitTest.Adapter, Version=10.0.0.0, Culture=neutral, PublicKeyToken=b03f5f7f11d50a3a" className="UnitTest.ProxyConfigurationTest, UnitTest, Version=1.0.0.0, Culture=neutral, PublicKeyToken=null" name="DllCachedPathTest" />
    </UnitTest>
    <UnitTest name="CreateByTypeTest" storage="d:\my document\myserver\clover.proxy\source\unittest\bin\debug\unittest.dll" id="0dee65b0-2759-3175-a8bf-af64596c6f03">
      <Execution id="eb954d3a-9aa7-4b07-84f4-7d3d45ba3187" />
      <TestMethod codeBase="D:/My Document/MyServer/Clover.Proxy/Source/UnitTest/bin/Debug/UnitTest.DLL" adapterTypeName="Microsoft.VisualStudio.TestTools.TestTypes.Unit.UnitTestAdapter, Microsoft.VisualStudio.QualityTools.Tips.UnitTest.Adapter, Version=10.0.0.0, Culture=neutral, PublicKeyToken=b03f5f7f11d50a3a" className="UnitTest.ProxyConfigurationTest, UnitTest, Version=1.0.0.0, Culture=neutral, PublicKeyToken=null" name="CreateByTypeTest" />
    </UnitTest>
    <UnitTest name="TestMethod1" storage="d:\my document\myserver\clover.proxy\source\unittest\bin\debug\unittest.dll" id="57d133f7-80e9-28d8-7d60-3ab3c5aea82b">
      <Execution id="afa63302-af66-4dff-aa0d-0d1ba95ccd89" />
      <TestMethod codeBase="D:/My Document/MyServer/Clover.Proxy/Source/UnitTest/bin/Debug/UnitTest.DLL" adapterTypeName="Microsoft.VisualStudio.TestTools.TestTypes.Unit.UnitTestAdapter, Microsoft.VisualStudio.QualityTools.Tips.UnitTest.Adapter, Version=10.0.0.0, Culture=neutral, PublicKeyToken=b03f5f7f11d50a3a" className="UnitTest.UnitTest1, UnitTest, Version=1.0.0.0, Culture=neutral, PublicKeyToken=null" name="TestMethod1" />
    </UnitTest>
    <UnitTest name="BeforeCallTest" storage="d:\my document\myserver\clover.proxy\source\unittest\bin\debug\unittest.dll" id="bb587f22-c540-edcf-90aa-1ca6a730acbd">
      <Execution id="482209ca-1ca5-48f6-b9a4-6abf4032ae1e" />
      <TestMethod codeBase="D:/My Document/MyServer/Clover.Proxy/Source/UnitTest/bin/Debug/UnitTest.DLL" adapterTypeName="Microsoft.VisualStudio.TestTools.TestTypes.Unit.UnitTestAdapter, Microsoft.VisualStudio.QualityTools.Tips.UnitTest.Adapter, Version=10.0.0.0, Culture=neutral, PublicKeyToken=b03f5f7f11d50a3a" className="UnitTest.ProxyConfigurationTest, UnitTest, Version=1.0.0.0, Culture=neutral, PublicKeyToken=null" name="BeforeCallTest" />
    </UnitTest>
    <UnitTest name="InterfaceAssemblyTest" storage="d:\my document\myserver\clover.proxy\source\unittest\bin\debug\unittest.dll" id="bd804e69-3262-666b-eec9-0e110ce223a7">
      <Execution id="bba1ddfc-2510-4b5e-a532-f7fdf37d4f51" />
      <TestMethod codeBase="D:/My Document/MyServer/Clover.Proxy/Source/UnitTest/bin/Debug/UnitTest.DLL" adapterTypeName="Microsoft.VisualStudio.TestTools.TestTypes.Unit.UnitTestAdapter, Microsoft.VisualStudio.QualityTools.Tips.UnitTest.Adapter, Version=10.0.0.0, Culture=neutral, PublicKeyToken=b03f5f7f11d50a3a" className="UnitTest.ProxyConfigurationTest, UnitTest, Version=1.0.0.0, Culture=neutral, PublicKeyToken=null" name="InterfaceAssemblyTest" />
    </UnitTest>
    <UnitTest name="AfterCallTest" storage="d:\my document\myserver\clover.proxy\source\unittest\bin\debug\unittest.dll" id="e16e3dfc-eb81-afac-f913-31d2c90909db">
      <Execution id="bbc23952-3dd1-47ac-b9d3-4144b48facdc" />
      <TestMethod codeBase="D:/My Document/MyServer/Clover.Proxy/Source/UnitTest/bin/Debug/UnitTest.DLL" adapterTypeName="Microsoft.VisualStudio.TestTools.TestTypes.Unit.UnitTestAdapter, Microsoft.VisualStudio.QualityTools.Tips.UnitTest.Adapter, Version=10.0.0.0, Culture=neutral, PublicKeyToken=b03f5f7f11d50a3a" className="UnitTest.ProxyConfigurationTest, UnitTest, Version=1.0.0.0, Culture=neutral, PublicKeyToken=null" name="AfterCallTest" />
    </UnitTest>
    <UnitTest name="EnableDebugTest" storage="d:\my document\myserver\clover.proxy\source\unittest\bin\debug\unittest.dll" id="79210f60-6d80-7a59-aa3f-e656b90e2ea4">
      <Execution id="b0e78380-dbd9-43c6-b83c-fc6921a9320a" />
      <TestMethod codeBase="D:/My Document/MyServer/Clover.Proxy/Source/UnitTest/bin/Debug/UnitTest.DLL" adapterTypeName="Microsoft.VisualStudio.TestTools.TestTypes.Unit.UnitTestAdapter, Microsoft.VisualStudio.QualityTools.Tips.UnitTest.Adapter, Version=10.0.0.0, Culture=neutral, PublicKeyToken=b03f5f7f11d50a3a" className="UnitTest.ProxyConfigurationTest, UnitTest, Version=1.0.0.0, Culture=neutral, PublicKeyToken=null" name="EnableDebugTest" />
    </UnitTest>
    <UnitTest name="EnableCrossDomainTest" storage="d:\my document\myserver\clover.proxy\source\unittest\bin\debug\unittest.dll" id="95d0a310-291a-474c-d9a0-f7bfcce6ca01">
      <Execution id="5b1c3cea-423d-4ab2-9e2b-3c720d02cb58" />
      <TestMethod codeBase="D:/My Document/MyServer/Clover.Proxy/Source/UnitTest/bin/Debug/UnitTest.DLL" adapterTypeName="Microsoft.VisualStudio.TestTools.TestTypes.Unit.UnitTestAdapter, Microsoft.VisualStudio.QualityTools.Tips.UnitTest.Adapter, Version=10.0.0.0, Culture=neutral, PublicKeyToken=b03f5f7f11d50a3a" className="UnitTest.ProxyConfigurationTest, UnitTest, Version=1.0.0.0, Culture=neutral, PublicKeyToken=null" name="EnableCrossDomainTest" />
    </UnitTest>
    <UnitTest name="NamespacesTest" storage="d:\my document\myserver\clover.proxy\source\unittest\bin\debug\unittest.dll" id="b26cc42c-85c6-2169-9698-e948e1cd9498">
      <Execution id="a75adced-bf75-48db-a3b8-784da19223bb" />
      <TestMethod codeBase="D:/My Document/MyServer/Clover.Proxy/Source/UnitTest/bin/Debug/UnitTest.DLL" adapterTypeName="Microsoft.VisualStudio.TestTools.TestTypes.Unit.UnitTestAdapter, Microsoft.VisualStudio.QualityTools.Tips.UnitTest.Adapter, Version=10.0.0.0, Culture=neutral, PublicKeyToken=b03f5f7f11d50a3a" className="UnitTest.ProxyConfigurationTest, UnitTest, Version=1.0.0.0, Culture=neutral, PublicKeyToken=null" name="NamespacesTest" />
    </UnitTest>
  </TestDefinitions>
  <TestLists>
    <TestList name="Results Not in a List" id="8c84fa94-04c1-424b-9868-57a2d4851a1d" />
    <TestList name="All Loaded Results" id="19431567-8539-422a-85d7-44ee4e166bda" />
  </TestLists>
  <TestEntries>
    <TestEntry testId="0dee65b0-2759-3175-a8bf-af64596c6f03" executionId="eb954d3a-9aa7-4b07-84f4-7d3d45ba3187" testListId="8c84fa94-04c1-424b-9868-57a2d4851a1d" />
    <TestEntry testId="57d133f7-80e9-28d8-7d60-3ab3c5aea82b" executionId="afa63302-af66-4dff-aa0d-0d1ba95ccd89" testListId="8c84fa94-04c1-424b-9868-57a2d4851a1d" />
    <TestEntry testId="79210f60-6d80-7a59-aa3f-e656b90e2ea4" executionId="b0e78380-dbd9-43c6-b83c-fc6921a9320a" testListId="8c84fa94-04c1-424b-9868-57a2d4851a1d" />
    <TestEntry testId="83d649db-ed95-5954-0492-bbf210cd03c4" executionId="34029ca2-96ab-4df9-8615-84682a55ab25" testListId="8c84fa94-04c1-424b-9868-57a2d4851a1d" />
    <TestEntry testId="95d0a310-291a-474c-d9a0-f7bfcce6ca01" executionId="5b1c3cea-423d-4ab2-9e2b-3c720d02cb58" testListId="8c84fa94-04c1-424b-9868-57a2d4851a1d" />
    <TestEntry testId="a6da51ad-35b3-d732-37db-4e2282a29bc7" executionId="6cbab15b-8be2-469e-8325-228701f96897" testListId="8c84fa94-04c1-424b-9868-57a2d4851a1d" />
    <TestEntry testId="b26cc42c-85c6-2169-9698-e948e1cd9498" executionId="a75adced-bf75-48db-a3b8-784da19223bb" testListId="8c84fa94-04c1-424b-9868-57a2d4851a1d" />
    <TestEntry testId="bb587f22-c540-edcf-90aa-1ca6a730acbd" executionId="482209ca-1ca5-48f6-b9a4-6abf4032ae1e" testListId="8c84fa94-04c1-424b-9868-57a2d4851a1d" />
    <TestEntry testId="bd804e69-3262-666b-eec9-0e110ce223a7" executionId="bba1ddfc-2510-4b5e-a532-f7fdf37d4f51" testListId="8c84fa94-04c1-424b-9868-57a2d4851a1d" />
    <TestEntry testId="e16e3dfc-eb81-afac-f913-31d2c90909db" executionId="bbc23952-3dd1-47ac-b9d3-4144b48facdc" testListId="8c84fa94-04c1-424b-9868-57a2d4851a1d" />
  </TestEntries>
  <Results>
    <UnitTestResult executionId="eb954d3a-9aa7-4b07-84f4-7d3d45ba3187" testId="0dee65b0-2759-3175-a8bf-af64596c6f03" testName="CreateByTypeTest" computerName="CLOVER-PC" duration="00:00:15.7070380" startTime="2011-11-20T14:26:51.7850083+08:00" endTime="2011-11-20T14:27:07.4920463+08:00" testType="13cdc9d9-ddb5-4fa4-a97d-d965ccfc6d4b" outcome="Aborted" testListId="8c84fa94-04c1-424b-9868-57a2d4851a1d" relativeResultsDirectory="eb954d3a-9aa7-4b07-84f4-7d3d45ba3187">
    </UnitTestResult>
    <UnitTestResult executionId="afa63302-af66-4dff-aa0d-0d1ba95ccd89" testId="57d133f7-80e9-28d8-7d60-3ab3c5aea82b" testName="TestMethod1" computerName="CLOVER-PC" testType="13cdc9d9-ddb5-4fa4-a97d-d965ccfc6d4b" outcome="NotExecuted" testListId="8c84fa94-04c1-424b-9868-57a2d4851a1d" relativeResultsDirectory="afa63302-af66-4dff-aa0d-0d1ba95ccd89">
    </UnitTestResult>
    <UnitTestResult executionId="b0e78380-dbd9-43c6-b83c-fc6921a9320a" testId="79210f60-6d80-7a59-aa3f-e656b90e2ea4" testName="EnableDebugTest" computerName="CLOVER-PC" testType="13cdc9d9-ddb5-4fa4-a97d-d965ccfc6d4b" outcome="NotExecuted" testListId="8c84fa94-04c1-424b-9868-57a2d4851a1d" relativeResultsDirectory="b0e78380-dbd9-43c6-b83c-fc6921a9320a">
    </UnitTestResult>
    <UnitTestResult executionId="34029ca2-96ab-4df9-8615-84682a55ab25" testId="83d649db-ed95-5954-0492-bbf210cd03c4" testName="ProxyConfigurationConstructorTest" computerName="CLOVER-PC" testType="13cdc9d9-ddb5-4fa4-a97d-d965ccfc6d4b" outcome="NotExecuted" testListId="8c84fa94-04c1-424b-9868-57a2d4851a1d" relativeResultsDirectory="34029ca2-96ab-4df9-8615-84682a55ab25">
    </UnitTestResult>
    <UnitTestResult executionId="5b1c3cea-423d-4ab2-9e2b-3c720d02cb58" testId="95d0a310-291a-474c-d9a0-f7bfcce6ca01" testName="EnableCrossDomainTest" computerName="CLOVER-PC" testType="13cdc9d9-ddb5-4fa4-a97d-d965ccfc6d4b" outcome="NotExecuted" testListId="8c84fa94-04c1-424b-9868-57a2d4851a1d" relativeResultsDirectory="5b1c3cea-423d-4ab2-9e2b-3c720d02cb58">
    </UnitTestResult>
    <UnitTestResult executionId="6cbab15b-8be2-469e-8325-228701f96897" testId="a6da51ad-35b3-d732-37db-4e2282a29bc7" testName="DllCachedPathTest" computerName="CLOVER-PC" testType="13cdc9d9-ddb5-4fa4-a97d-d965ccfc6d4b" outcome="NotExecuted" testListId="8c84fa94-04c1-424b-9868-57a2d4851a1d" relativeResultsDirectory="6cbab15b-8be2-469e-8325-228701f96897">
    </UnitTestResult>
    <UnitTestResult executionId="a75adced-bf75-48db-a3b8-784da19223bb" testId="b26cc42c-85c6-2169-9698-e948e1cd9498" testName="NamespacesTest" computerName="CLOVER-PC" testType="13cdc9d9-ddb5-4fa4-a97d-d965ccfc6d4b" outcome="NotExecuted" testListId="8c84fa94-04c1-424b-9868-57a2d4851a1d" relativeResultsDirectory="a75adced-bf75-48db-a3b8-784da19223bb">
    </UnitTestResult>
    <UnitTestResult executionId="482209ca-1ca5-48f6-b9a4-6abf4032ae1e" testId="bb587f22-c540-edcf-90aa-1ca6a730acbd" testName="BeforeCallTest" computerName="CLOVER-PC" testType="13cdc9d9-ddb5-4fa4-a97d-d965ccfc6d4b" outcome="NotExecuted" testListId="8c84fa94-04c1-424b-9868-57a2d4851a1d" relativeResultsDirectory="482209ca-1ca5-48f6-b9a4-6abf4032ae1e">
    </UnitTestResult>
    <UnitTestResult executionId="bba1ddfc-2510-4b5e-a532-f7fdf37d4f51" testId="bd804e69-3262-666b-eec9-0e110ce223a7" testName="InterfaceAssemblyTest" computerName="CLOVER-PC" testType="13cdc9d9-ddb5-4fa4-a97d-d965ccfc6d4b" outcome="NotExecuted" testListId="8c84fa94-04c1-424b-9868-57a2d4851a1d" relativeResultsDirectory="bba1ddfc-2510-4b5e-a532-f7fdf37d4f51">
    </UnitTestResult>
    <UnitTestResult executionId="bbc23952-3dd1-47ac-b9d3-4144b48facdc" testId="e16e3dfc-eb81-afac-f913-31d2c90909db" testName="AfterCallTest" computerName="CLOVER-PC" testType="13cdc9d9-ddb5-4fa4-a97d-d965ccfc6d4b" outcome="NotExecuted" testListId="8c84fa94-04c1-424b-9868-57a2d4851a1d" relativeResultsDirectory="bbc23952-3dd1-47ac-b9d3-4144b48facdc">
    </UnitTestResult>
  </Results>
</TestRun>